[d2s9.org/index.html]
[backblue.gif]
[fade.gif]
[index.html]
[d2s9.org/img/banner.jpg]
[d2s9.org/img/apple-touch-icon.png]
[d2s9.org/img/favicon-32x32.png]
[d2s9.org/img/favicon-16x16.png]
[d2s9.org/site.webmanifest]
[d2s9.org/lib/magnific-popup/magnific-popup.css]
[d2s9.org/css/styles.css]
[d2s9.org/index-2.html]
[d2s9.org/img/logo.png]
[d2s9.org/about.html]
[d2s9.org/commands.html]
[d2s9.org/community.html]
[d2s9.org/donation.html]
[d2s9.org/img/slider/spawn-370.png]
[d2s9.org/img/slider/2021-11-09_22.51.25.png]
[d2s9.org/img/slider/render.jpg]
[d2s9.org/img/ceo-head.png]
[d2s9.org/js/jquery-1.9.1.min.js]
[d2s9.org/lib/slick/slick.min.13.delayed]
[d2s9.org/lib/magnific-popup/jquery.magnific-popup.min.js]
[d2s9.org/js/plotly.d2s9.js]
[d2s9.org/js/project.js]
[d2s9.org/index.html]
[d2s9.org/site.html]
[d2s9.org/lib/magnific-popup/magnific-popup.html]
[cdn.plot.ly/plotly-2.6.4.min.js]
[d2s9.org/fonts/Minecraftia-Regular.eot]
[d2s9.org/fonts/Minecraftia-Regular.ttf]
[d2s9.org/fonts/Minecraftia-Regular.svg]
[d2s9.org/img/spawn-370-banner.png]
[d2s9.org/img/promotion.png]
[d2s9.org/slick/ajax-loader.gif]
[d2s9.org/slick/fonts/slick.eot]
[d2s9.org/slick/fonts/slickd41d.eot]
[d2s9.org/slick/fonts/slick.woff]
[d2s9.org/slick/fonts/slick.ttf]
[d2s9.org/slick/fonts/slick.svg]
[d2s9.org/css/styles.css]
[d2s9.org/index-2.html]
[d2s9.org/img/8ut_spawn-1000.png]
[d2s9.org/about.html]
[d2s9.org/commands.html]
[d2s9.org/lib/jquery/jquery-3.6.1.min.js]
[d2s9.org/lib/plotly/plotly-2.6.4.min.js]
[d2s9.org/lib/three/three.min.js]
[d2s9.org/lib/minerender/skin.js]
[d2s9.org/lib/egg/egg.min.js]
[d2s9.org/js/min/plotly.d2s9-min.js]
[d2s9.org/js/min/mcsrvstat.d2s9-min.js]
[d2s9.org/js/min/community-min.js]
[d2s9.org/js/min/thunder-min.js]
[d2s9.org/js/min/project-min.js]
[d2s9.org/community.html]
[d2s9.org/img/qr_paypal.svg]
[d2s9.org/img/qr_bitcoin.svg]
[d2s9.org/donation.html]
[d2s9.org/lib/slick/slick.min.html]
[d2s9.org/lib/magnific-popup/jquery.magnific-popup.min.html]
[d2s9.org/fonts/Minecraftia-Regular.html]
[d2s9.org/fonts/Minecraftia-Regular-2.html]
[d2s9.org/fonts/Minecraftia-Regular-3.html]
[d2s9.org/slick/ajax-loader.html]
[d2s9.org/slick/fonts/slick.html]
[d2s9.org/slick/fonts/slickd41d.html]
[d2s9.org/slick/fonts/slick-2.html]
[d2s9.org/slick/fonts/slick-3.html]
[d2s9.org/slick/fonts/slick-4.html]
[d2s9.org/lib/jquery/jquery-3.6.1.min.html]
[d2s9.org/lib/plotly/plotly-2.6.4.min.html]
[d2s9.org/lib/three/three.min.html]
[d2s9.org/lib/minerender/skin.html]
[d2s9.org/lib/egg/egg.min.html]
[d2s9.org/js/min/plotly.d2s9-min.html]
[d2s9.org/js/min/mcsrvstat.d2s9-min.html]
[d2s9.org/js/min/community-min.html]
[d2s9.org/js/min/thunder-min.html]
[d2s9.org/js/min/project-min.html]
[d2s9.org/img/qr_paypal.svg]
[d2s9.org/img/qr_bitcoin.svg]
[2b2t.rf.gd/img/banner.jpg]
